../Core/Src/main.c:197:5:main	8	static
../Core/Src/main.c:307:6:SystemClock_Config	120	static
../Core/Src/main.c:367:13:MX_FDCAN1_Init	16	static
../Core/Src/main.c:441:13:MX_GPIO_Init	48	static
../Core/Src/main.c:482:6:HAL_FDCAN_RxFifo0Callback	16	static
../Core/Src/main.c:488:6:HAL_FDCAN_RxFifo1Callback	16	static
../Core/Src/main.c:503:6:DefaultTask	16	static
../Core/Src/main.c:524:6:HandleHighPriorityMessage	72	static
../Core/Src/main.c:592:6:HandleLowPriorityMessage	72	static
../Core/Src/main.c:634:6:HandleThrottle	104	static
../Core/Src/main.c:692:6:MPU_Config	24	static
../Core/Src/main.c:727:6:HAL_TIM_PeriodElapsedCallback	16	static
../Core/Src/main.c:745:6:Error_Handler	8	static,ignoring_inline_asm
