../Core/Src/main.c:197:5:main	1
../Core/Src/main.c:307:6:SystemClock_Config	4
../Core/Src/main.c:367:13:MX_FDCAN1_Init	7
../Core/Src/main.c:441:13:MX_GPIO_Init	1
../Core/Src/main.c:482:6:HAL_FDCAN_RxFifo0Callback	2
../Core/Src/main.c:488:6:HAL_FDCAN_RxFifo1Callback	2
../Core/Src/main.c:503:6:DefaultTask	1
../Core/Src/main.c:524:6:HandleHighPriorityMessage	12
../Core/Src/main.c:592:6:HandleLowPriorityMessage	4
../Core/Src/main.c:634:6:HandleThrottle	7
../Core/Src/main.c:692:6:MPU_Config	1
../Core/Src/main.c:727:6:HAL_TIM_PeriodElapsedCallback	2
../Core/Src/main.c:745:6:Error_Handler	1
