../Core/Src/main.c:155:5:main	8	static
../Core/Src/main.c:259:6:SystemClock_Config	120	static
../Core/Src/main.c:319:13:MX_FDCAN1_Init	16	static
../Core/Src/main.c:388:13:MX_GPIO_Init	48	static
../Core/Src/main.c:429:6:HAL_FDCAN_RxFifo0Callback	16	static
../Core/Src/main.c:444:6:DefaultTask	16	static
../Core/Src/main.c:465:6:HandleHighPriorityMessage	72	static
../Core/Src/main.c:530:6:HandleThrottle	104	static
../Core/Src/main.c:586:6:MPU_Config	24	static
../Core/Src/main.c:621:6:HAL_TIM_PeriodElapsedCallback	16	static
../Core/Src/main.c:639:6:Error_Handler	8	static,ignoring_inline_asm
